
Circuit 1 cell pfet_06v0 and Circuit 2 cell pfet_06v0 are black boxes.
Warning: Equate pins:  cell pfet_06v0 is a placeholder, treated as a black box.
Warning: Equate pins:  cell pfet_06v0 is a placeholder, treated as a black box.

Subcircuit pins:
Circuit 1: pfet_06v0                       |Circuit 2: pfet_06v0                       
-------------------------------------------|-------------------------------------------
1                                          |1                                          
2                                          |2                                          
3                                          |3                                          
4                                          |4                                          
---------------------------------------------------------------------------------------
Cell pin lists are equivalent.
Device classes pfet_06v0 and pfet_06v0 are equivalent.

Circuit 1 cell cap_mim_2f0_m4m5_noshield and Circuit 2 cell cap_mim_2f0_m4m5_noshield are black boxes.
Warning: Equate pins:  cell cap_mim_2f0_m4m5_noshield is a placeholder, treated as a black box.
Warning: Equate pins:  cell cap_mim_2f0_m4m5_noshield is a placeholder, treated as a black box.

Subcircuit pins:
Circuit 1: cap_mim_2f0_m4m5_noshield       |Circuit 2: cap_mim_2f0_m4m5_noshield       
-------------------------------------------|-------------------------------------------
1                                          |1                                          
2                                          |2                                          
---------------------------------------------------------------------------------------
Cell pin lists are equivalent.
Device classes cap_mim_2f0_m4m5_noshield and cap_mim_2f0_m4m5_noshield are equivalent.

Circuit 1 cell nfet_06v0 and Circuit 2 cell nfet_06v0 are black boxes.
Warning: Equate pins:  cell nfet_06v0 is a placeholder, treated as a black box.
Warning: Equate pins:  cell nfet_06v0 is a placeholder, treated as a black box.

Subcircuit pins:
Circuit 1: nfet_06v0                       |Circuit 2: nfet_06v0                       
-------------------------------------------|-------------------------------------------
1                                          |1                                          
2                                          |2                                          
3                                          |3                                          
4                                          |4                                          
---------------------------------------------------------------------------------------
Cell pin lists are equivalent.
Device classes nfet_06v0 and nfet_06v0 are equivalent.
Flattening unmatched subcell pfet_06v0_CA9BXH in circuit n-ota (0)(2 instances)
Flattening unmatched subcell cap_mim_2p0fF_BZM3VC in circuit n-ota (0)(1 instance)
Flattening unmatched subcell nfet_06v0_9CQTU4 in circuit n-ota (0)(1 instance)
Flattening unmatched subcell nfet_06v0_UAC3LK in circuit n-ota (0)(2 instances)

Class n-ota (0):  Merged 7 parallel devices.
Subcircuit summary:
Circuit 1: n-ota                           |Circuit 2: n-ota                           
-------------------------------------------|-------------------------------------------
pfet_06v0 (8->3)                           |pfet_06v0 (8->3)                           
cap_mim_2f0_m4m5_noshield (1)              |cap_mim_2f0_m4m5_noshield (1)              
nfet_06v0 (6->4)                           |nfet_06v0 (6->4)                           
Number of devices: 8                       |Number of devices: 8                       
Number of nets: 9                          |Number of nets: 9                          
---------------------------------------------------------------------------------------
Netlists match uniquely.

Subcircuit pins:
Circuit 1: n-ota                           |Circuit 2: n-ota                           
-------------------------------------------|-------------------------------------------
IBIAS                                      |IBIAS                                      
VP                                         |VP                                         
VN                                         |VN                                         
OUT                                        |OUT                                        
VSS                                        |VSS                                        
VDD                                        |VDD                                        
---------------------------------------------------------------------------------------
Cell pin lists are equivalent.
Device classes n-ota and n-ota are equivalent.

Final result: Circuits match uniquely.
.
