
Circuit 1 cell nfet_06v0 and Circuit 2 cell nfet_06v0 are black boxes.
Warning: Equate pins:  cell nfet_06v0 is a placeholder, treated as a black box.
Warning: Equate pins:  cell nfet_06v0 is a placeholder, treated as a black box.

Subcircuit pins:
Circuit 1: nfet_06v0                       |Circuit 2: nfet_06v0                       
-------------------------------------------|-------------------------------------------
1                                          |1                                          
2                                          |2                                          
3                                          |3                                          
4                                          |4                                          
---------------------------------------------------------------------------------------
Cell pin lists are equivalent.
Device classes nfet_06v0 and nfet_06v0 are equivalent.
Flattening unmatched subcell nfet_06v0_52FGQA in circuit nfet-pin (0)(2 instances)

Class nfet-pin (0):  Merged 6 parallel devices.
Subcircuit summary:
Circuit 1: nfet-pin                        |Circuit 2: nfet-pin                        
-------------------------------------------|-------------------------------------------
nfet_06v0 (8->2)                           |nfet_06v0 (8->2)                           
Number of devices: 2                       |Number of devices: 2                       
Number of nets: 7                          |Number of nets: 7                          
---------------------------------------------------------------------------------------
Resolving symmetries by property value.
Resolving symmetries by pin name.
Netlists match uniquely.

Subcircuit pins:
Circuit 1: nfet-pin                        |Circuit 2: nfet-pin                        
-------------------------------------------|-------------------------------------------
B                                          |B                                          
G2                                         |G2                                         
G1                                         |G1                                         
D2                                         |D2                                         
S2                                         |S2                                         
D1                                         |D1                                         
S1                                         |S1                                         
---------------------------------------------------------------------------------------
Cell pin lists are equivalent.
Device classes nfet-pin and nfet-pin are equivalent.

Final result: Circuits match uniquely.
.
