
Circuit 1 cell nfet_06v0 and Circuit 2 cell nfet_06v0 are black boxes.
Warning: Equate pins:  cell nfet_06v0 is a placeholder, treated as a black box.
Warning: Equate pins:  cell nfet_06v0 is a placeholder, treated as a black box.

Subcircuit pins:
Circuit 1: nfet_06v0                       |Circuit 2: nfet_06v0                       
-------------------------------------------|-------------------------------------------
1                                          |1                                          
2                                          |2                                          
3                                          |3                                          
4                                          |4                                          
---------------------------------------------------------------------------------------
Cell pin lists are equivalent.
Device classes nfet_06v0 and nfet_06v0 are equivalent.
Flattening unmatched subcell nfet_06v0_52FGQA in circuit nfet-com (0)(2 instances)
Flattening unmatched subcell nfet_06v0_ZZEGQS in circuit nfet-com (0)(2 instances)

Class nfet-com (0):  Merged 8 parallel devices.
Subcircuit summary:
Circuit 1: nfet-com                        |Circuit 2: nfet-com                        
-------------------------------------------|-------------------------------------------
nfet_06v0 (12->4)                          |nfet_06v0 (12->4)                          
Number of devices: 4                       |Number of devices: 4                       
Number of nets: 9                          |Number of nets: 9                          
---------------------------------------------------------------------------------------
Resolving symmetries by property value.
Resolving symmetries by pin name.
Netlists match uniquely.

Subcircuit pins:
Circuit 1: nfet-com                        |Circuit 2: nfet-com                        
-------------------------------------------|-------------------------------------------
VSS                                        |VSS                                        
D2                                         |D2                                         
D1                                         |D1                                         
D4                                         |D4                                         
D3                                         |D3                                         
G2                                         |G2                                         
G1                                         |G1                                         
G4                                         |G4                                         
G3                                         |G3                                         
---------------------------------------------------------------------------------------
Cell pin lists are equivalent.
Device classes nfet-com and nfet-com are equivalent.

Final result: Circuits match uniquely.
.
